// Jest Snapshot v1, https://goo.gl/fbAQLP

exports[`matches snapshot 1`] = `
<DocumentFragment>
  <div
    class="mb-4"
  >
    <form>
      <input
        class="shadow appearance-none border rounded w-full py-2 px-3 text-gray-700 leading-tight focus:outline-none focus:shadow-outline form-control"
        name="searchTerm"
        placeholder="Enter search term..."
        type="search"
        value=""
      />
      <button
        class="mt-3 bg-blue-500 hover:bg-blue-700 text-white font-bold py-2 px-4 rounded focus:outline-none focus:shadow-outline btn btn-secondary"
        type="submit"
      >
        Search
      </button>
    </form>
  </div>
</DocumentFragment>
`;
